Regression tests for L{PyFFI.ObjectModels.SimpleType}
=====================================================

Constructor value argument
--------------------------

>>> from PyFFI.ObjectModels.SimpleType import SimpleType
>>> class Test(SimpleType):
...     _ValueType = float
>>> # note: float("eek!") raises a ValueError
>>> test = Test(value="eek!") # doctest: +ELLIPSIS
Traceback (most recent call last):
    ...
ValueError: ...
>>> test = Test(value=4.0)
>>> test._value
4.0

Constructor treeparent argument
-------------------------------

>>> from PyFFI.ObjectModels.SimpleType import SimpleType
>>> class Test(SimpleType):
...     _ValueType = int
>>> test = Test()
>>> print(test._treeparent)
None
>>> test = Test(treeparent=None)
>>> print(test._treeparent)
None
>>> test = Test(treeparent="eek!") # doctest: +ELLIPSIS
Traceback (most recent call last):
    ...
TypeError: ...
>>> from PyFFI.ObjectModels.Tree import DetailNode
>>> test = Test(treeparent=DetailNode())
>>> test._treeparent # doctest: +ELLIPSIS
<PyFFI.ObjectModels.Tree.DetailNode object at ...>
>>> test.getTreeParent() == test._treeparent
True
